Would run: alejandra -- alejandra.nix
Would run: black -- black.py isort.py pylint.py
Would run: isort --force-single-line-imports --from-first --profile black -- black.py isort.py pylint.py
Would run: jsonnetfmt --in-place -- jsonnetfmt.jsonnet jsonnet_lint.jsonnet
Would run: prettier --plugin â€¦ --write -- html5validator.htm htmlhint.htm prettier.js stylelint.css
Would run: rufo --simple-exit -- rufo.rb
Would run: shfmt --binary-next-line --case-indent --indent 2 --list --simplify --write -- shellcheck.sh shfmt.sh
Would run: terraform fmt -- terraform.tf
